C51 COMPILER V9.54   EXINT                                                                 10/08/2026 14:13:49 PAGE 1   


C51 COMPILER V9.54, COMPILATION OF MODULE EXINT
OBJECT MODULE PLACED IN .\Objects\exint.obj
COMPILER INVOKED BY: D:\Program\keil5\C51\BIN\C51.EXE exint.c OPTIMIZE(8,SPEED) BROWSE DEBUG OBJECTEXTEND PRINT(.\Listin
                    -gs\exint.lst) TABS(2) OBJECT(.\Objects\exint.obj)

line level    source

   1          #include <REGX52.H>
   2          
   3          
   4          void ex0(void)
   5          {
   6   1        EA=1;
   7   1        IT0=1;
   8   1        EX0=1;
   9   1      }
  10          
  11          
  12          void ex1(void)
  13          {
  14   1        EA=1;
  15   1        IT1=1;
  16   1        EX1=1;
  17   1      }
  18          
  19          /*中断函数
  20          void ex0int() interrupt 0
  21          {
  22            
  23          }
  24          */


MODULE INFORMATION:   STATIC OVERLAYABLE
   CODE SIZE        =     14    ----
   CONSTANT SIZE    =   ----    ----
   XDATA SIZE       =   ----    ----
   PDATA SIZE       =   ----    ----
   DATA SIZE        =   ----    ----
   IDATA SIZE       =   ----    ----
   BIT SIZE         =   ----    ----
END OF MODULE INFORMATION.


C51 COMPILATION COMPLETE.  0 WARNING(S),  0 ERROR(S)
