C51 COMPILER V9.54   MAIN                                                                  10/08/2026 14:13:49 PAGE 1   


C51 COMPILER V9.54, COMPILATION OF MODULE MAIN
OBJECT MODULE PLACED IN .\Objects\main.obj
COMPILER INVOKED BY: D:\Program\keil5\C51\BIN\C51.EXE main.c OPTIMIZE(8,SPEED) BROWSE DEBUG OBJECTEXTEND PRINT(.\Listing
                    -s\main.lst) TABS(2) OBJECT(.\Objects\main.obj)

line level    source

   1          #include <REGX52.H>
   2          #include "exint.h"
   3          
   4          void Delay(unsigned char xms)   //@12.000MHz
   5          {
   6   1        unsigned char i, j;
   7   1      
   8   1        while(xms)
   9   1        {
  10   2        i = 2;
  11   2        j = 239;
  12   2        do
  13   2        {
  14   3          while (--j);
  15   3        } while (--i);
  16   2        xms--;
  17   2        }
  18   1      }
  19          
  20          unsigned char flag0=0;
  21          unsigned char flag1=0;
  22          
  23          
  24          
  25          void ex0int() interrupt 0
  26          {
  27   1        if (P3_2==0)
  28   1        {
  29   2          flag0=1;
  30   2          flag1=0;
  31   2        }
  32   1      }
  33          
  34          void ex1int() interrupt 2
  35          {
  36   1        if (P3_3==0)
  37   1        {
  38   2          flag1=1;
  39   2          flag0=0;
  40   2        }
  41   1      }
  42          
  43          
  44          void main()
  45          {
  46   1        unsigned char a=0x01;
  47   1        P2=~a;
  48   1        ex0();
  49   1        ex1();
  50   1        while(1)
  51   1        {
  52   2          if (flag0==1)
  53   2          {
  54   3              
C51 COMPILER V9.54   MAIN                                                                  10/08/2026 14:13:49 PAGE 2   

  55   3              P2=~a;
  56   3              Delay(100);
  57   3              if (a==0x01) a=0x80;
  58   3              else a=a>>1;
  59   3              
  60   3          }
  61   2          
  62   2          if (flag1==1)
  63   2          {
  64   3              
  65   3              P2=~a;
  66   3              Delay(100);
  67   3              if (a==0x80) a=0x01;
  68   3              else a=a<<1;
  69   3              
  70   3          }
  71   2        }
  72   1      }


MODULE INFORMATION:   STATIC OVERLAYABLE
   CODE SIZE        =    106    ----
   CONSTANT SIZE    =   ----    ----
   XDATA SIZE       =   ----    ----
   PDATA SIZE       =   ----    ----
   DATA SIZE        =      2       1
   IDATA SIZE       =   ----    ----
   BIT SIZE         =   ----    ----
END OF MODULE INFORMATION.


C51 COMPILATION COMPLETE.  0 WARNING(S),  0 ERROR(S)
