C51 COMPILER V9.54   UART                                                                  10/06/2026 23:33:57 PAGE 1   


C51 COMPILER V9.54, COMPILATION OF MODULE UART
OBJECT MODULE PLACED IN .\Objects\Uart.obj
COMPILER INVOKED BY: D:\Program\keil5\C51\BIN\C51.EXE Uart.c OPTIMIZE(8,SPEED) BROWSE DEBUG OBJECTEXTEND PRINT(.\Listing
                    -s\Uart.lst) TABS(2) OBJECT(.\Objects\Uart.obj)

line level    source

   1          #include <REGX52.H>
   2          
   3          
   4          void UartInit(void)   //4800bps@11.0592MHz
   5          {
   6   1        SCON = 0x50;      //方式1，允许接收
   7   1        PCON &= 0x7F;     //不倍数
   8   1        TMOD &= 0x0F;     //0000 1111
   9   1        TMOD |= 0x20;   //0010 0000
  10   1        TL1 = 0xFA;   //设定定时初值
  11   1        TH1 = 0xFA;   //设定定时器重装值
  12   1        ET1 = 0;    //禁止定时器1中断
  13   1        TR1 = 1;    //启动定时器1
  14   1      }
  15          
  16          void UART_SendByte(unsigned char Byte)
  17          {
  18   1        SBUF=Byte;
  19   1        while(TI==0);
  20   1        TI=0;
  21   1      }


MODULE INFORMATION:   STATIC OVERLAYABLE
   CODE SIZE        =     31    ----
   CONSTANT SIZE    =   ----    ----
   XDATA SIZE       =   ----    ----
   PDATA SIZE       =   ----    ----
   DATA SIZE        =   ----    ----
   IDATA SIZE       =   ----    ----
   BIT SIZE         =   ----    ----
END OF MODULE INFORMATION.


C51 COMPILATION COMPLETE.  0 WARNING(S),  0 ERROR(S)
