C51 COMPILER V9.54   KEY                                                                   10/08/2026 14:34:38 PAGE 1   


C51 COMPILER V9.54, COMPILATION OF MODULE KEY
OBJECT MODULE PLACED IN .\Objects\key.obj
COMPILER INVOKED BY: D:\Program\keil5\C51\BIN\C51.EXE key.c OPTIMIZE(8,SPEED) BROWSE DEBUG OBJECTEXTEND PRINT(.\Listings
                    -\key.lst) TABS(2) OBJECT(.\Objects\key.obj)

line level    source

   1          #include <REGX52.H>
   2          #include "Delay.h"
   3          
   4          
   5          /**
   6           * @brief  获取独立按键键码
   7           * @param  无
   8           * @retval 按下按键的键码，范围：0~4，无按键按下时返回值为0
   9           */
  10           
  11          unsigned char Key(void)
  12          {
  13   1        unsigned char KeyNumber=0;
  14   1      
  15   1        if(P3^1==0){Delay(20);while(P3^1==0);Delay(20);KeyNumber=1;}
  16   1        if(P3^0==0){Delay(20);while(P3^0==0);Delay(20);KeyNumber=2;}
  17   1        if(P3^2==0){Delay(20);while(P3^2==0);Delay(20);KeyNumber=3;}
  18   1        if(P3^3==0){Delay(20);while(P3^3==0);Delay(20);KeyNumber=4;}
  19   1      
  20   1        return KeyNumber;
  21   1      }
  22          
  23          //unsigned char KeyNum;
  24          //Key=KeyNum;


MODULE INFORMATION:   STATIC OVERLAYABLE
   CODE SIZE        =    110    ----
   CONSTANT SIZE    =   ----    ----
   XDATA SIZE       =   ----    ----
   PDATA SIZE       =   ----    ----
   DATA SIZE        =   ----       1
   IDATA SIZE       =   ----    ----
   BIT SIZE         =   ----    ----
END OF MODULE INFORMATION.


C51 COMPILATION COMPLETE.  0 WARNING(S),  0 ERROR(S)
