C51 COMPILER V9.54   MAIN                                                                  10/08/2026 14:34:37 PAGE 1   


C51 COMPILER V9.54, COMPILATION OF MODULE MAIN
OBJECT MODULE PLACED IN .\Objects\main.obj
COMPILER INVOKED BY: D:\Program\keil5\C51\BIN\C51.EXE main.c OPTIMIZE(8,SPEED) BROWSE DEBUG OBJECTEXTEND PRINT(.\Listing
                    -s\main.lst) TABS(2) OBJECT(.\Objects\main.obj)

line level    source

   1          #include <REGX52.H>
   2          #include "Delay.h"
   3          #include "Nixie.h"
   4          #include "timer.h"
   5          #include "key.h"
   6          
   7          sbit LED1=P2^0;
   8          sbit sg90=P2^1;
   9          
  10          unsigned char Counter,Compare;
  11          unsigned char Speed;
  12          unsigned char KeyNum;
  13          
  14          void main()
  15          {
  16   1        Speed=8;
  17   1        
  18   1        Timer0Init0();
  19   1        Compare=15;
  20   1        while(1)
  21   1        {
  22   2          KeyNum=Key();
  23   2          if(KeyNum==1)
  24   2          {
  25   3      
  26   3            
  27   3            if (Speed<10) Speed++;
  28   3            
  29   3            if(Speed==9){Compare=16;}
  30   3            if(Speed==8){Compare=15;}
  31   3            if(Speed==7){Compare=14;}
  32   3            if(Speed==6){Compare=13;}
  33   3            if(Speed==5){Compare=12;}
  34   3            if(Speed==4){Compare=11;}
  35   3            if(Speed==3){Compare=10;}
  36   3            if(Speed==2){Compare=9;}
  37   3            if(Speed==1){Compare=8;}
  38   3            if(Speed==0){Compare=7;}
  39   3          }
  40   2          if(P3_0==0)
  41   2          {
  42   3            Delay(20);
  43   3            while(P3_0==0);
  44   3            Delay(20);
  45   3            if (Speed>0) Speed--;
  46   3      
  47   3            if(Speed==9){Compare=16;}
  48   3            if(Speed==8){Compare=15;}
  49   3            if(Speed==7){Compare=14;}
  50   3            if(Speed==6){Compare=13;}
  51   3            if(Speed==5){Compare=12;}
  52   3            if(Speed==4){Compare=11;}
  53   3            if(Speed==3){Compare=10;}
  54   3            if(Speed==2){Compare=9;}
C51 COMPILER V9.54   MAIN                                                                  10/08/2026 14:34:37 PAGE 2   

  55   3            if(Speed==1){Compare=8;}
  56   3            if(Speed==0){Compare=7;}
  57   3          }
  58   2          Nixie(1,Speed);
  59   2        }
  60   1      }
  61          
  62          
  63          void Timer0() interrupt 1
  64          {
  65   1        TL0 = 0xA4;   //设置定时初值
  66   1        TH0 = 0xFF;   //设置定时初值
  67   1        Counter++;
  68   1        Counter%=200;
  69   1        if (Counter<Compare)
  70   1        {
  71   2          sg90=1;
  72   2        }
  73   1        else
  74   1        {
  75   2          sg90=0;
  76   2        }
  77   1      }


MODULE INFORMATION:   STATIC OVERLAYABLE
   CODE SIZE        =    272    ----
   CONSTANT SIZE    =   ----    ----
   XDATA SIZE       =   ----    ----
   PDATA SIZE       =   ----    ----
   DATA SIZE        =      4    ----
   IDATA SIZE       =   ----    ----
   BIT SIZE         =   ----    ----
END OF MODULE INFORMATION.


C51 COMPILATION COMPLETE.  0 WARNING(S),  0 ERROR(S)
