C51 COMPILER V9.54   MAIN                                                                  10/08/2026 14:04:39 PAGE 1   


C51 COMPILER V9.54, COMPILATION OF MODULE MAIN
OBJECT MODULE PLACED IN .\Objects\main.obj
COMPILER INVOKED BY: D:\Program\keil5\C51\BIN\C51.EXE main.c OPTIMIZE(8,SPEED) BROWSE DEBUG OBJECTEXTEND PRINT(.\Listing
                    -s\main.lst) TABS(2) OBJECT(.\Objects\main.obj)

line level    source

   1          #include <REGX52.H>
   2          #include "timer.h"
   3          
   4          
   5          void main()
   6          {
   7   1        Timer0Init();
   8   1        Timer1Init();
   9   1        
  10   1        while(1)
  11   1        {
  12   2          
  13   2        }
  14   1      }
  15          
  16          void timer0() interrupt 1
  17          {
  18   1        static int i = 0;
  19   1        
  20   1        TL0 = 0x18;   //设置定时初值
  21   1        TH0 = 0xFC;   //设置定时初值
  22   1        
  23   1        i++;
  24   1        if (i==1000)
  25   1        {
  26   2          i=0;
  27   2          P2_0=~P2_0;
  28   2        }
  29   1      }
  30          
  31          void timer2() interrupt 3
  32          {
  33   1        static int i = 0;
  34   1        
  35   1        TL1 = 0x0C;   //设置定时初值
  36   1        TH1 = 0xFE;   //设置定时初值
  37   1        
  38   1        i++;
  39   1        if (i==1000)
  40   1        {
  41   2          i=0;
  42   2          P2_1=~P2_1;
  43   2        }
  44   1      }


MODULE INFORMATION:   STATIC OVERLAYABLE
   CODE SIZE        =     86    ----
   CONSTANT SIZE    =   ----    ----
   XDATA SIZE       =   ----    ----
   PDATA SIZE       =   ----    ----
   DATA SIZE        =      4    ----
   IDATA SIZE       =   ----    ----
   BIT SIZE         =   ----    ----
C51 COMPILER V9.54   MAIN                                                                  10/08/2026 14:04:39 PAGE 2   

END OF MODULE INFORMATION.


C51 COMPILATION COMPLETE.  0 WARNING(S),  0 ERROR(S)
