C51 COMPILER V9.54   TIMER                                                                 10/08/2026 14:04:39 PAGE 1   


C51 COMPILER V9.54, COMPILATION OF MODULE TIMER
OBJECT MODULE PLACED IN .\Objects\timer.obj
COMPILER INVOKED BY: D:\Program\keil5\C51\BIN\C51.EXE timer.c OPTIMIZE(8,SPEED) BROWSE DEBUG OBJECTEXTEND PRINT(.\Listin
                    -gs\timer.lst) TABS(2) OBJECT(.\Objects\timer.obj)

line level    source

   1          #include <REGX52.H>
   2          
   3          //默认关闭TR，请手动打开
   4          
   5          void Timer0Init(void)   //100微秒@11.0592MHz
   6          {
   7   1        TMOD &= 0xF0;   //清零T0位
   8   1        TMOD |= 0x01;   //T0 设置为模式1（16位定时器）
   9   1        TL0 = 0xA4;
  10   1        TH0 = 0xFF;
  11   1        TF0 = 0;
  12   1        TR0 = 0;
  13   1        EA = 1;       //开启总中断
  14   1        ET0  = 1;     //开启定时器0中断
  15   1      }
  16          
  17          
  18          void Timer1Init(void)   //100微秒@11.0592MHz
  19          {
  20   1        TMOD &= 0x0F;   //清零T1位
  21   1        TMOD |= 0x10;   //T1 设置为模式1（16位定时器）
  22   1        TL1 = 0xA4;
  23   1        TH1 = 0xFF;
  24   1        TF1 = 0;
  25   1        TR1 = 0;
  26   1        EA = 1;       //开启总中断
  27   1        ET0  = 1;     //开启定时器0中断
  28   1      }
  29          
  30          /*中断函数
  31          void timer0() interrupt 1
  32          {
  33            
  34            TL0 = 0xA4;   //设置定时初值
  35            TH0 = 0xFF;   //设置定时初值
  36            }
  37          }
  38          */


MODULE INFORMATION:   STATIC OVERLAYABLE
   CODE SIZE        =     42    ----
   CONSTANT SIZE    =   ----    ----
   XDATA SIZE       =   ----    ----
   PDATA SIZE       =   ----    ----
   DATA SIZE        =   ----    ----
   IDATA SIZE       =   ----    ----
   BIT SIZE         =   ----    ----
END OF MODULE INFORMATION.


C51 COMPILATION COMPLETE.  0 WARNING(S),  0 ERROR(S)
