C51 COMPILER V9.54   MAIN                                                                  10/02/2026 19:43:53 PAGE 1   


C51 COMPILER V9.54, COMPILATION OF MODULE MAIN
OBJECT MODULE PLACED IN .\Objects\main.obj
COMPILER INVOKED BY: D:\Program\keil5\C51\BIN\C51.EXE main.c OPTIMIZE(8,SPEED) BROWSE DEBUG OBJECTEXTEND PRINT(.\Listing
                    -s\main.lst) TABS(2) OBJECT(.\Objects\main.obj)

line level    source

   1          #include <REGX52.H>
   2          #include "delay.h"
   3          
   4          void exti0()
   5          {
   6   1      EA=1;
   7   1      EX0=1;
   8   1      IT0=1;
   9   1      }
  10          
  11          void exti1()
  12          {
  13   1      EA=1;
  14   1      EX1=1;
  15   1      IT1=1;
  16   1      }
  17          
  18          
  19          
  20          void main()
  21          {
  22   1        exti0();
  23   1        exti1();
  24   1        while(1)
  25   1        {
  26   2          
  27   2        }
  28   1      }
  29          
  30          void ext0() interrupt 0
  31          {
  32   1        Delay(10);
  33   1        if (P3_3==0)
  34   1        {
  35   2        P2_0=~P2_0;
  36   2        }
  37   1      }
  38          
  39          void ext1  () interrupt 2
  40          {
  41   1        Delay(10);
  42   1        if (P3_3==0)
  43   1        {
  44   2        P2_1=0;
  45   2        Delay(500);
  46   2        }
  47   1        P2_1=1;
  48   1      }


MODULE INFORMATION:   STATIC OVERLAYABLE
   CODE SIZE        =    167    ----
   CONSTANT SIZE    =   ----    ----
   XDATA SIZE       =   ----    ----
C51 COMPILER V9.54   MAIN                                                                  10/02/2026 19:43:53 PAGE 2   

   PDATA SIZE       =   ----    ----
   DATA SIZE        =   ----    ----
   IDATA SIZE       =   ----    ----
   BIT SIZE         =   ----    ----
END OF MODULE INFORMATION.


C51 COMPILATION COMPLETE.  0 WARNING(S),  0 ERROR(S)
