C51 COMPILER V9.54   MAIN                                                                  10/01/2026 16:26:48 PAGE 1   


C51 COMPILER V9.54, COMPILATION OF MODULE MAIN
OBJECT MODULE PLACED IN .\Objects\main.obj
COMPILER INVOKED BY: D:\Program\keil5\C51\BIN\C51.EXE main.c OPTIMIZE(8,SPEED) BROWSE DEBUG OBJECTEXTEND PRINT(.\Listing
                    -s\main.lst) TABS(2) OBJECT(.\Objects\main.obj)

line level    source

   1          #include <REGX52.H>
   2          #include "Delay.h"
   3          
   4          
   5          
   6          
   7          void main()
   8          {
   9   1        unsigned char LedNum;
  10   1        LedNum=0;
  11   1        P2=~0x01;
  12   1        while(1)
  13   1        {
  14   2          if (P3_1==0)
  15   2          {
  16   3            Delay(20);
  17   3            while(P3_1==0);
  18   3            Delay(20);
  19   3            LedNum++;
  20   3            if (LedNum>=8)
  21   3            {
  22   4              LedNum=0;
  23   4            }
  24   3            P2=~(0x01<<LedNum);
  25   3      
  26   3          }
  27   2          if (P3_0==0)
  28   2          {
  29   3            Delay(20);
  30   3            while(P3_0==0);
  31   3            Delay(20);
  32   3            if (LedNum==0)
  33   3            {
  34   4              LedNum=7;
  35   4            }
  36   3            else
  37   3              LedNum--;
  38   3            P2=~(0x01<<LedNum);
  39   3            
  40   3          }
  41   2        }
  42   1      }


MODULE INFORMATION:   STATIC OVERLAYABLE
   CODE SIZE        =    103    ----
   CONSTANT SIZE    =   ----    ----
   XDATA SIZE       =   ----    ----
   PDATA SIZE       =   ----    ----
   DATA SIZE        =   ----       1
   IDATA SIZE       =   ----    ----
   BIT SIZE         =   ----    ----
END OF MODULE INFORMATION.


C51 COMPILATION COMPLETE.  0 WARNING(S),  0 ERROR(S)
