C51 COMPILER V9.54   MAIN                                                                  10/03/2026 14:12:55 PAGE 1   


C51 COMPILER V9.54, COMPILATION OF MODULE MAIN
OBJECT MODULE PLACED IN .\Objects\main.obj
COMPILER INVOKED BY: D:\Program\keil5\C51\BIN\C51.EXE main.c OPTIMIZE(8,SPEED) BROWSE DEBUG OBJECTEXTEND PRINT(.\Listing
                    -s\main.lst) TABS(2) OBJECT(.\Objects\main.obj)

line level    source

   1          #include <REGX52.H>
   2          
   3          unsigned char flag0=0;
   4          unsigned char flag1=1;
   5          unsigned char tcount0=0;
   6          unsigned char tcount1=0;
   7          unsigned char a = 0x01;
   8          
   9          void timer0(void)
  10          {
  11   1        TMOD &= 0xF0;
  12   1        TMOD |= 0x01;
  13   1        TL0 = 0x18;
  14   1        TH0 = 0xFC;
  15   1        TF0=0;
  16   1        ET0=1;
  17   1        TR0=0;
  18   1      }
  19          
  20          void timer1(void)
  21          {
  22   1        TMOD &= 0x0F;
  23   1        TMOD |= 0x10;
  24   1        TL1 = 0x18;
  25   1        TH1 = 0xFC;
  26   1        TF1=0;
  27   1        ET1=1;
  28   1        TR1=0;
  29   1      }
  30          
  31          void ex0(void)
  32          {
  33   1        IT0=1;
  34   1        EX0=1;
  35   1      }
  36          
  37          void ex1(void)
  38          {
  39   1        IT1=1;
  40   1        EX1=1;
  41   1      }
  42          
  43          
  44          void main()
  45          {
  46   1        EA=1;
  47   1        P2=~a;
  48   1        timer0();
  49   1        timer1();
  50   1        ex0();
  51   1        ex1();
  52   1        while(1)
  53   1        {
  54   2          if (flag0==1)
C51 COMPILER V9.54   MAIN                                                                  10/03/2026 14:12:55 PAGE 2   

  55   2          {
  56   3              TR0=1;
  57   3              TR1=0;
  58   3              
  59   3          }
  60   2          
  61   2          else if (flag1==1)
  62   2          {
  63   3              
  64   3            TR0=0;
  65   3            TR1=1;
  66   3            
  67   3          }
  68   2        }
  69   1      }
  70          
  71          
  72          
  73          void timer0int() interrupt 1
  74          {
  75   1        tcount0++;
  76   1        if(tcount0>=100)
  77   1        {
  78   2          P2=~a;
  79   2          tcount0=0;
  80   2          if (a==0x01) a=0x80;
  81   2          else a=a>>1;
  82   2        }
  83   1        
  84   1        TL0 = 0x18;
  85   1        TH0 = 0xFC;
  86   1      }
  87          
  88          
  89          void timer1int() interrupt 3
  90          {
  91   1        tcount1++;
  92   1        if(tcount1>=100)
  93   1        {
  94   2          tcount1=0;
  95   2          P2=~a;
  96   2          if (a==0x80) a=0x01;
  97   2          else a=a<<1;
  98   2        }
  99   1        
 100   1        TL1 = 0x18;
 101   1        TH1 = 0xFC;
 102   1      }
 103          
 104          
 105          void ex0int() interrupt 0
 106          {
 107   1          flag0=1;
 108   1          flag1=0;
 109   1      }
 110          
 111          
 112          
 113          void ex1int() interrupt 2
 114          {
 115   1          flag1=1;
 116   1          flag0=0;
C51 COMPILER V9.54   MAIN                                                                  10/03/2026 14:12:55 PAGE 3   

 117   1      }
 118          
 119          


MODULE INFORMATION:   STATIC OVERLAYABLE
   CODE SIZE        =    199    ----
   CONSTANT SIZE    =   ----    ----
   XDATA SIZE       =   ----    ----
   PDATA SIZE       =   ----    ----
   DATA SIZE        =      5    ----
   IDATA SIZE       =   ----    ----
   BIT SIZE         =   ----    ----
END OF MODULE INFORMATION.


C51 COMPILATION COMPLETE.  0 WARNING(S),  0 ERROR(S)
