C51 COMPILER V9.54   UART                                                                  10/08/2026 14:21:10 PAGE 1   


C51 COMPILER V9.54, COMPILATION OF MODULE UART
OBJECT MODULE PLACED IN .\Objects\Uart.obj
COMPILER INVOKED BY: D:\Program\keil5\C51\BIN\C51.EXE Uart.c OPTIMIZE(8,SPEED) BROWSE DEBUG OBJECTEXTEND PRINT(.\Listing
                    -s\Uart.lst) TABS(2) OBJECT(.\Objects\Uart.obj)

line level    source

   1          #include <REGX52.H>
   2          
   3          //借用定时器（T1）来产生基准脉冲，用来匹配波特率
   4          
   5          void UartInit(void)   //4800bps@11.0592MHz
   6          {
   7   1        SCON = 0x50;      //方式1，允许接收
   8   1        PCON &= 0x7F;     //不倍数
   9   1        TMOD &= 0x0F;     //0000 1111
  10   1        TMOD |= 0x20;   //0010 0000
  11   1        TL1 = 0xFA;   //设定定时初值
  12   1        TH1 = 0xFA;   //设定定时器重装值
  13   1        ET1 = 0;    //禁止定时器1中断
  14   1        TR1 = 1;    //启动定时器1
  15   1        EA = 1;
  16   1        ES =1;     //启动串口中断
  17   1      }
  18          
  19          void UART_SendByte(unsigned char Byte)
  20          {
  21   1        SBUF=Byte;
  22   1        while(TI==0);
  23   1        TI=0;
  24   1      }
  25          
  26          /*串口中断模板
  27          void UartInt() interrupt 4
  28          {
  29            if(RI==1)
  30            {
  31              
  32              RI=0;
  33            }
  34          }
  35          */


MODULE INFORMATION:   STATIC OVERLAYABLE
   CODE SIZE        =     35    ----
   CONSTANT SIZE    =   ----    ----
   XDATA SIZE       =   ----    ----
   PDATA SIZE       =   ----    ----
   DATA SIZE        =   ----    ----
   IDATA SIZE       =   ----    ----
   BIT SIZE         =   ----    ----
END OF MODULE INFORMATION.


C51 COMPILATION COMPLETE.  0 WARNING(S),  0 ERROR(S)
