C51 COMPILER V9.54   MAIN                                                                  09/29/2026 23:43:51 PAGE 1   


C51 COMPILER V9.54, COMPILATION OF MODULE MAIN
OBJECT MODULE PLACED IN .\Objects\main.obj
COMPILER INVOKED BY: D:\Program\keil5\C51\BIN\C51.EXE main.c OPTIMIZE(8,SPEED) BROWSE DEBUG OBJECTEXTEND PRINT(.\Listing
                    -s\main.lst) TABS(2) OBJECT(.\Objects\main.obj)

line level    source

   1          #include <REGX52.H>
   2          
   3          void main()
   4          {
   5   1        
   6   1        while(1)
   7   1        {
   8   2          if(P3_1==0 && P3_2==0)
   9   2          {
  10   3            P2_0=0;
  11   3          }
  12   2          else
  13   2          {
  14   3            P2_0=1;
  15   3          }
  16   2            if(P3_3==0 || P3_0==0)
  17   2          {
  18   3            P2_1=0;
  19   3          }
  20   2          else
  21   2          {
  22   3            P2_1=1;
  23   3          }
  24   2        }
  25   1      }


MODULE INFORMATION:   STATIC OVERLAYABLE
   CODE SIZE        =     26    ----
   CONSTANT SIZE    =   ----    ----
   XDATA SIZE       =   ----    ----
   PDATA SIZE       =   ----    ----
   DATA SIZE        =   ----    ----
   IDATA SIZE       =   ----    ----
   BIT SIZE         =   ----    ----
END OF MODULE INFORMATION.


C51 COMPILATION COMPLETE.  0 WARNING(S),  0 ERROR(S)
