C51 COMPILER V9.54   MAIN                                                                  10/07/2026 17:15:42 PAGE 1   


C51 COMPILER V9.54, COMPILATION OF MODULE MAIN
OBJECT MODULE PLACED IN .\Objects\main.obj
COMPILER INVOKED BY: D:\Program\keil5\C51\BIN\C51.EXE main.c OPTIMIZE(8,SPEED) BROWSE DEBUG OBJECTEXTEND PRINT(.\Listing
                    -s\main.lst) TABS(2) OBJECT(.\Objects\main.obj)

line level    source

   1          #include <REGX52.H>
   2          #include "Delay.h"
   3          #include "Nixie.h"
   4          #include "timer.h"
   5          
   6          sbit LED1=P2^0;
   7          sbit Motor=P1^0;
   8          
   9          unsigned char Counter,Compare;
  10          unsigned char Speed;
  11          
  12          void main()
  13          {
  14   1        
  15   1        
  16   1        Timer0Init0();
  17   1        Compare=10;
  18   1        while(1)
  19   1        {
  20   2          if(P3_1==0)
  21   2          {
  22   3            Delay(20);
  23   3            while(P3_1==0)
  24   3            Delay(20);
  25   3            Speed++;
  26   3            Speed%=4;
  27   3            if(Speed==3){Compare=0;}
  28   3            if(Speed==2){Compare=20;}
  29   3            if(Speed==1){Compare=50;}
  30   3            if(Speed==0){Compare=100;}
  31   3          }
  32   2          Nixie(1,Speed);
  33   2        }
  34   1      }
  35          
  36          
  37          void Timer0() interrupt 1
  38          {
  39   1        TL0 = 0xA4;   //设置定时初值
  40   1        TH0 = 0xFF;   //设置定时初值
  41   1        Counter++;
  42   1        Counter%=100;
  43   1        if (Counter<Compare)
  44   1        {
  45   2          Motor=0;
  46   2        }
  47   1        else
  48   1        {
  49   2          Motor=1;
  50   2        }
  51   1      }


MODULE INFORMATION:   STATIC OVERLAYABLE
C51 COMPILER V9.54   MAIN                                                                  10/07/2026 17:15:42 PAGE 2   

   CODE SIZE        =    114    ----
   CONSTANT SIZE    =   ----    ----
   XDATA SIZE       =   ----    ----
   PDATA SIZE       =   ----    ----
   DATA SIZE        =      3    ----
   IDATA SIZE       =   ----    ----
   BIT SIZE         =   ----    ----
END OF MODULE INFORMATION.


C51 COMPILATION COMPLETE.  0 WARNING(S),  0 ERROR(S)
